
> lakeland-grader@0.1.0 build
> react-scripts build

Creating an optimized production build...

Treating warnings as errors because process.env.CI = true.
Most CI servers set it automatically.

Failed to compile.

[eslint] 
src\components\transcript\TranscriptGenerator.js
  Line 261:7:  'CreditRing' is assigned a value but never used  no-unused-vars


